// Jest Snapshot v1, https://goo.gl/fbAQLP

exports[`CourseCard should display duration in the correct format. 1`] = `null`;
